[2021-05-26T09:12:14.317+0500][gc] Using G1
[2021-05-26T09:12:14.324+0500][gc,init] Version: 15.0.2+7-27 (release)
[2021-05-26T09:12:14.324+0500][gc,init] CPUs: 12 total, 12 available
[2021-05-26T09:12:14.324+0500][gc,init] Memory: 16384M
[2021-05-26T09:12:14.324+0500][gc,init] Large Page Support: Disabled
[2021-05-26T09:12:14.324+0500][gc,init] NUMA Support: Disabled
[2021-05-26T09:12:14.324+0500][gc,init] Compressed Oops: Enabled (Zero based)
[2021-05-26T09:12:14.324+0500][gc,init] Heap Region Size: 1M
[2021-05-26T09:12:14.324+0500][gc,init] Heap Min Capacity: 1G
[2021-05-26T09:12:14.324+0500][gc,init] Heap Initial Capacity: 1G
[2021-05-26T09:12:14.324+0500][gc,init] Heap Max Capacity: 1G
[2021-05-26T09:12:14.324+0500][gc,init] Pre-touch: Disabled
[2021-05-26T09:12:14.324+0500][gc,init] Parallel Workers: 10
[2021-05-26T09:12:14.324+0500][gc,init] Concurrent Workers: 3
[2021-05-26T09:12:14.324+0500][gc,init] Concurrent Refinement Workers: 10
[2021-05-26T09:12:14.324+0500][gc,init] Periodic GC: Disabled
[2021-05-26T09:12:14.324+0500][gc,cds ] Mark closed archive regions in map: [0x00000007fff00000, 0x00000007fff78ff8]
[2021-05-26T09:12:14.324+0500][gc,cds ] Mark open archive regions in map: [0x00000007ffe00000, 0x00000007ffe50ff8]
[2021-05-26T09:12:14.324+0500][gc,metaspace] CDS archive(s) mapped at: [0x0000000800000000-0x0000000800b2d000-0x0000000800b2d000), size 11718656, SharedBaseAddress: 0x0000000800000000, ArchiveRelocationMode: 0.
[2021-05-26T09:12:14.324+0500][gc,metaspace] Compressed class space mapped at: 0x0000000800b30000-0x0000000840b30000, size: 1073741824
[2021-05-26T09:12:14.324+0500][gc,metaspace] Narrow klass base: 0x0000000800000000, Narrow klass shift: 3, Narrow klass range: 0x100000000
[2021-05-26T09:12:15.763+0500][gc,start    ] GC(0) Pause Young (Normal) (G1 Evacuation Pause)
[2021-05-26T09:12:15.763+0500][gc,task     ] GC(0) Using 10 workers of 10 for evacuation
[2021-05-26T09:12:15.768+0500][gc,phases   ] GC(0)   Pre Evacuate Collection Set: 0.1ms
[2021-05-26T09:12:15.768+0500][gc,phases   ] GC(0)   Merge Heap Roots: 0.0ms
[2021-05-26T09:12:15.768+0500][gc,phases   ] GC(0)   Evacuate Collection Set: 4.0ms
[2021-05-26T09:12:15.768+0500][gc,phases   ] GC(0)   Post Evacuate Collection Set: 0.4ms
[2021-05-26T09:12:15.768+0500][gc,phases   ] GC(0)   Other: 0.9ms
[2021-05-26T09:12:15.768+0500][gc,heap     ] GC(0) Eden regions: 51->0(44)
[2021-05-26T09:12:15.768+0500][gc,heap     ] GC(0) Survivor regions: 0->7(7)
[2021-05-26T09:12:15.768+0500][gc,heap     ] GC(0) Old regions: 0->0
[2021-05-26T09:12:15.768+0500][gc,heap     ] GC(0) Archive regions: 2->2
[2021-05-26T09:12:15.768+0500][gc,heap     ] GC(0) Humongous regions: 0->0
[2021-05-26T09:12:15.768+0500][gc,metaspace] GC(0) Metaspace: 18905K(19584K)->18905K(19584K) NonClass: 16641K(17152K)->16641K(17152K) Class: 2264K(2432K)->2264K(2432K)
[2021-05-26T09:12:15.768+0500][gc          ] GC(0) Pause Young (Normal) (G1 Evacuation Pause) 51M->7M(1024M) 5.722ms
[2021-05-26T09:12:15.768+0500][gc,cpu      ] GC(0) User=0.02s Sys=0.02s Real=0.00s
[2021-05-26T09:12:15.872+0500][gc,start    ] GC(1) Pause Young (Concurrent Start) (Metadata GC Threshold)
[2021-05-26T09:12:15.872+0500][gc,task     ] GC(1) Using 10 workers of 10 for evacuation
[2021-05-26T09:12:15.878+0500][gc,phases   ] GC(1)   Pre Evacuate Collection Set: 0.1ms
[2021-05-26T09:12:15.878+0500][gc,phases   ] GC(1)   Merge Heap Roots: 0.0ms
[2021-05-26T09:12:15.878+0500][gc,phases   ] GC(1)   Evacuate Collection Set: 5.4ms
[2021-05-26T09:12:15.878+0500][gc,phases   ] GC(1)   Post Evacuate Collection Set: 0.3ms
[2021-05-26T09:12:15.878+0500][gc,phases   ] GC(1)   Other: 0.3ms
[2021-05-26T09:12:15.878+0500][gc,heap     ] GC(1) Eden regions: 9->0(50)
[2021-05-26T09:12:15.878+0500][gc,heap     ] GC(1) Survivor regions: 7->1(7)
[2021-05-26T09:12:15.878+0500][gc,heap     ] GC(1) Old regions: 0->7
[2021-05-26T09:12:15.878+0500][gc,heap     ] GC(1) Archive regions: 2->2
[2021-05-26T09:12:15.878+0500][gc,heap     ] GC(1) Humongous regions: 0->0
[2021-05-26T09:12:15.878+0500][gc,metaspace] GC(1) Metaspace: 20655K(21296K)->20655K(21296K) NonClass: 18166K(18688K)->18166K(18688K) Class: 2488K(2608K)->2488K(2608K)
[2021-05-26T09:12:15.878+0500][gc          ] GC(1) Pause Young (Concurrent Start) (Metadata GC Threshold) 15M->8M(1024M) 6.459ms
[2021-05-26T09:12:15.878+0500][gc,cpu      ] GC(1) User=0.03s Sys=0.02s Real=0.00s
[2021-05-26T09:12:15.878+0500][gc          ] GC(2) Concurrent Cycle
[2021-05-26T09:12:15.878+0500][gc,marking  ] GC(2) Concurrent Clear Claimed Marks
[2021-05-26T09:12:15.878+0500][gc,marking  ] GC(2) Concurrent Clear Claimed Marks 0.028ms
[2021-05-26T09:12:15.878+0500][gc,marking  ] GC(2) Concurrent Scan Root Regions
[2021-05-26T09:12:15.881+0500][gc,marking  ] GC(2) Concurrent Scan Root Regions 2.095ms
[2021-05-26T09:12:15.881+0500][gc,marking  ] GC(2) Concurrent Mark (1.572s)
[2021-05-26T09:12:15.881+0500][gc,marking  ] GC(2) Concurrent Mark From Roots
[2021-05-26T09:12:15.881+0500][gc,task     ] GC(2) Using 3 workers of 3 for marking
[2021-05-26T09:12:15.882+0500][gc,marking  ] GC(2) Concurrent Mark From Roots 1.229ms
[2021-05-26T09:12:15.882+0500][gc,marking  ] GC(2) Concurrent Preclean
[2021-05-26T09:12:15.882+0500][gc,marking  ] GC(2) Concurrent Preclean 0.043ms
[2021-05-26T09:12:15.882+0500][gc,marking  ] GC(2) Concurrent Mark (1.572s, 1.573s) 1.350ms
[2021-05-26T09:12:15.882+0500][gc,start    ] GC(2) Pause Remark
[2021-05-26T09:12:15.883+0500][gc          ] GC(2) Pause Remark 8M->8M(1024M) 0.756ms
[2021-05-26T09:12:15.883+0500][gc,cpu      ] GC(2) User=0.01s Sys=0.00s Real=0.00s
[2021-05-26T09:12:15.883+0500][gc,marking  ] GC(2) Concurrent Rebuild Remembered Sets
[2021-05-26T09:12:15.885+0500][gc,marking  ] GC(2) Concurrent Rebuild Remembered Sets 1.785ms
[2021-05-26T09:12:15.885+0500][gc,start    ] GC(2) Pause Cleanup
[2021-05-26T09:12:15.886+0500][gc          ] GC(2) Pause Cleanup 8M->8M(1024M) 0.153ms
[2021-05-26T09:12:15.886+0500][gc,cpu      ] GC(2) User=0.00s Sys=0.00s Real=0.00s
[2021-05-26T09:12:15.886+0500][gc,marking  ] GC(2) Concurrent Cleanup for Next Mark
[2021-05-26T09:12:15.891+0500][gc,marking  ] GC(2) Concurrent Cleanup for Next Mark 4.930ms
[2021-05-26T09:12:15.891+0500][gc          ] GC(2) Concurrent Cycle 12.255ms
[2021-05-26T09:12:16.525+0500][gc,start    ] GC(3) Pause Young (Normal) (GCLocker Initiated GC)
[2021-05-26T09:12:16.525+0500][gc,task     ] GC(3) Using 10 workers of 10 for evacuation
[2021-05-26T09:12:16.529+0500][gc,phases   ] GC(3)   Pre Evacuate Collection Set: 0.1ms
[2021-05-26T09:12:16.529+0500][gc,phases   ] GC(3)   Merge Heap Roots: 0.0ms
[2021-05-26T09:12:16.529+0500][gc,phases   ] GC(3)   Evacuate Collection Set: 2.6ms
[2021-05-26T09:12:16.529+0500][gc,phases   ] GC(3)   Post Evacuate Collection Set: 0.4ms
[2021-05-26T09:12:16.529+0500][gc,phases   ] GC(3)   Other: 0.2ms
[2021-05-26T09:12:16.529+0500][gc,heap     ] GC(3) Eden regions: 50->0(45)
[2021-05-26T09:12:16.529+0500][gc,heap     ] GC(3) Survivor regions: 1->6(7)
[2021-05-26T09:12:16.529+0500][gc,heap     ] GC(3) Old regions: 7->7
[2021-05-26T09:12:16.529+0500][gc,heap     ] GC(3) Archive regions: 2->2
[2021-05-26T09:12:16.529+0500][gc,heap     ] GC(3) Humongous regions: 129->129
[2021-05-26T09:12:16.529+0500][gc,metaspace] GC(3) Metaspace: 32586K(33456K)->32586K(33456K) NonClass: 28975K(29696K)->28975K(29696K) Class: 3611K(3760K)->3611K(3760K)
[2021-05-26T09:12:16.529+0500][gc          ] GC(3) Pause Young (Normal) (GCLocker Initiated GC) 187M->141M(1024M) 3.557ms
[2021-05-26T09:12:16.529+0500][gc,cpu      ] GC(3) User=0.03s Sys=0.00s Real=0.00s
[2021-05-26T09:12:43.116+0500][gc,start    ] GC(4) Pause Young (Concurrent Start) (Metadata GC Threshold)
[2021-05-26T09:12:43.117+0500][gc,task     ] GC(4) Using 10 workers of 10 for evacuation
[2021-05-26T09:12:43.120+0500][gc,phases   ] GC(4)   Pre Evacuate Collection Set: 0.1ms
[2021-05-26T09:12:43.121+0500][gc,phases   ] GC(4)   Merge Heap Roots: 0.1ms
[2021-05-26T09:12:43.121+0500][gc,phases   ] GC(4)   Evacuate Collection Set: 3.1ms
[2021-05-26T09:12:43.121+0500][gc,phases   ] GC(4)   Post Evacuate Collection Set: 0.3ms
[2021-05-26T09:12:43.121+0500][gc,phases   ] GC(4)   Other: 0.5ms
[2021-05-26T09:12:43.121+0500][gc,heap     ] GC(4) Eden regions: 12->0(49)
[2021-05-26T09:12:43.121+0500][gc,heap     ] GC(4) Survivor regions: 6->2(7)
[2021-05-26T09:12:43.121+0500][gc,heap     ] GC(4) Old regions: 7->12
[2021-05-26T09:12:43.121+0500][gc,heap     ] GC(4) Archive regions: 2->2
[2021-05-26T09:12:43.121+0500][gc,heap     ] GC(4) Humongous regions: 129->129
[2021-05-26T09:12:43.121+0500][gc,metaspace] GC(4) Metaspace: 34997K(35888K)->34997K(35888K) NonClass: 30966K(31744K)->30966K(31744K) Class: 4031K(4144K)->4031K(4144K)
[2021-05-26T09:12:43.121+0500][gc          ] GC(4) Pause Young (Concurrent Start) (Metadata GC Threshold) 153M->142M(1024M) 4.367ms
[2021-05-26T09:12:43.121+0500][gc,cpu      ] GC(4) User=0.03s Sys=0.00s Real=0.01s
[2021-05-26T09:12:43.121+0500][gc          ] GC(5) Concurrent Cycle
[2021-05-26T09:12:43.121+0500][gc,marking  ] GC(5) Concurrent Clear Claimed Marks
[2021-05-26T09:12:43.121+0500][gc,marking  ] GC(5) Concurrent Clear Claimed Marks 0.037ms
[2021-05-26T09:12:43.121+0500][gc,marking  ] GC(5) Concurrent Scan Root Regions
[2021-05-26T09:12:43.123+0500][gc,marking  ] GC(5) Concurrent Scan Root Regions 2.139ms
[2021-05-26T09:12:43.123+0500][gc,marking  ] GC(5) Concurrent Mark (28.814s)
[2021-05-26T09:12:43.123+0500][gc,marking  ] GC(5) Concurrent Mark From Roots
[2021-05-26T09:12:43.123+0500][gc,task     ] GC(5) Using 3 workers of 3 for marking
[2021-05-26T09:12:43.128+0500][gc,marking  ] GC(5) Concurrent Mark From Roots 4.288ms
[2021-05-26T09:12:43.128+0500][gc,marking  ] GC(5) Concurrent Preclean
[2021-05-26T09:12:43.128+0500][gc,marking  ] GC(5) Concurrent Preclean 0.073ms
[2021-05-26T09:12:43.128+0500][gc,marking  ] GC(5) Concurrent Mark (28.814s, 28.819s) 4.485ms
[2021-05-26T09:12:43.128+0500][gc,start    ] GC(5) Pause Remark
[2021-05-26T09:12:43.129+0500][gc          ] GC(5) Pause Remark 143M->143M(1024M) 0.969ms
[2021-05-26T09:12:43.129+0500][gc,cpu      ] GC(5) User=0.01s Sys=0.01s Real=0.00s
[2021-05-26T09:12:43.129+0500][gc,marking  ] GC(5) Concurrent Rebuild Remembered Sets
[2021-05-26T09:12:43.133+0500][gc,marking  ] GC(5) Concurrent Rebuild Remembered Sets 4.106ms
[2021-05-26T09:12:43.133+0500][gc,start    ] GC(5) Pause Cleanup
[2021-05-26T09:12:43.133+0500][gc          ] GC(5) Pause Cleanup 143M->143M(1024M) 0.144ms
[2021-05-26T09:12:43.133+0500][gc,cpu      ] GC(5) User=0.00s Sys=0.00s Real=0.00s
[2021-05-26T09:12:43.133+0500][gc,marking  ] GC(5) Concurrent Cleanup for Next Mark
[2021-05-26T09:12:43.138+0500][gc,marking  ] GC(5) Concurrent Cleanup for Next Mark 4.292ms
[2021-05-26T09:12:43.152+0500][gc          ] GC(5) Concurrent Cycle 31.248ms
[2021-05-26T09:16:16.586+0500][gc,start    ] GC(6) Pause Young (Normal) (G1 Evacuation Pause)
[2021-05-26T09:16:16.587+0500][gc,task     ] GC(6) Using 10 workers of 10 for evacuation
[2021-05-26T09:16:16.591+0500][gc,phases   ] GC(6)   Pre Evacuate Collection Set: 0.1ms
[2021-05-26T09:16:16.591+0500][gc,phases   ] GC(6)   Merge Heap Roots: 0.1ms
[2021-05-26T09:16:16.591+0500][gc,phases   ] GC(6)   Evacuate Collection Set: 3.3ms
[2021-05-26T09:16:16.591+0500][gc,phases   ] GC(6)   Post Evacuate Collection Set: 0.5ms
[2021-05-26T09:16:16.591+0500][gc,phases   ] GC(6)   Other: 1.3ms
[2021-05-26T09:16:16.591+0500][gc,heap     ] GC(6) Eden regions: 49->0(46)
[2021-05-26T09:16:16.591+0500][gc,heap     ] GC(6) Survivor regions: 2->5(7)
[2021-05-26T09:16:16.592+0500][gc,heap     ] GC(6) Old regions: 12->12
[2021-05-26T09:16:16.592+0500][gc,heap     ] GC(6) Archive regions: 2->2
[2021-05-26T09:16:16.592+0500][gc,heap     ] GC(6) Humongous regions: 129->129
[2021-05-26T09:16:16.592+0500][gc,metaspace] GC(6) Metaspace: 40548K(41392K)->40548K(41392K) NonClass: 35785K(36352K)->35785K(36352K) Class: 4762K(5040K)->4762K(5040K)
[2021-05-26T09:16:16.592+0500][gc          ] GC(6) Pause Young (Normal) (G1 Evacuation Pause) 191M->145M(1024M) 5.685ms
[2021-05-26T09:16:16.592+0500][gc,cpu      ] GC(6) User=0.03s Sys=0.00s Real=0.01s
[2021-05-26T09:23:45.870+0500][gc,start    ] GC(7) Pause Young (Normal) (G1 Evacuation Pause)
[2021-05-26T09:23:45.871+0500][gc,task     ] GC(7) Using 10 workers of 10 for evacuation
[2021-05-26T09:23:45.875+0500][gc,phases   ] GC(7)   Pre Evacuate Collection Set: 0.1ms
[2021-05-26T09:23:45.875+0500][gc,phases   ] GC(7)   Merge Heap Roots: 0.1ms
[2021-05-26T09:23:45.875+0500][gc,phases   ] GC(7)   Evacuate Collection Set: 3.2ms
[2021-05-26T09:23:45.875+0500][gc,phases   ] GC(7)   Post Evacuate Collection Set: 0.4ms
[2021-05-26T09:23:45.875+0500][gc,phases   ] GC(7)   Other: 1.0ms
[2021-05-26T09:23:45.875+0500][gc,heap     ] GC(7) Eden regions: 46->0(46)
[2021-05-26T09:23:45.875+0500][gc,heap     ] GC(7) Survivor regions: 5->5(7)
[2021-05-26T09:23:45.875+0500][gc,heap     ] GC(7) Old regions: 12->13
[2021-05-26T09:23:45.875+0500][gc,heap     ] GC(7) Archive regions: 2->2
[2021-05-26T09:23:45.875+0500][gc,heap     ] GC(7) Humongous regions: 129->129
[2021-05-26T09:23:45.875+0500][gc,metaspace] GC(7) Metaspace: 41385K(42288K)->41385K(42288K) NonClass: 36520K(37120K)->36520K(37120K) Class: 4865K(5168K)->4865K(5168K)
[2021-05-26T09:23:45.875+0500][gc          ] GC(7) Pause Young (Normal) (G1 Evacuation Pause) 191M->146M(1024M) 5.118ms
[2021-05-26T09:23:45.875+0500][gc,cpu      ] GC(7) User=0.02s Sys=0.00s Real=0.00s
[2021-05-26T09:32:45.867+0500][gc,start    ] GC(8) Pause Young (Normal) (G1 Evacuation Pause)
[2021-05-26T09:32:45.868+0500][gc,task     ] GC(8) Using 10 workers of 10 for evacuation
[2021-05-26T09:32:45.872+0500][gc,phases   ] GC(8)   Pre Evacuate Collection Set: 0.2ms
[2021-05-26T09:32:45.872+0500][gc,phases   ] GC(8)   Merge Heap Roots: 0.1ms
[2021-05-26T09:32:45.873+0500][gc,phases   ] GC(8)   Evacuate Collection Set: 3.4ms
[2021-05-26T09:32:45.873+0500][gc,phases   ] GC(8)   Post Evacuate Collection Set: 0.4ms
[2021-05-26T09:32:45.873+0500][gc,phases   ] GC(8)   Other: 1.3ms
[2021-05-26T09:32:45.873+0500][gc,heap     ] GC(8) Eden regions: 46->0(70)
[2021-05-26T09:32:45.873+0500][gc,heap     ] GC(8) Survivor regions: 5->3(7)
[2021-05-26T09:32:45.873+0500][gc,heap     ] GC(8) Old regions: 13->16
[2021-05-26T09:32:45.873+0500][gc,heap     ] GC(8) Archive regions: 2->2
[2021-05-26T09:32:45.873+0500][gc,heap     ] GC(8) Humongous regions: 129->129
[2021-05-26T09:32:45.873+0500][gc,metaspace] GC(8) Metaspace: 41456K(42288K)->41456K(42288K) NonClass: 36590K(37120K)->36590K(37120K) Class: 4865K(5168K)->4865K(5168K)
[2021-05-26T09:32:45.873+0500][gc          ] GC(8) Pause Young (Normal) (G1 Evacuation Pause) 192M->147M(1024M) 5.714ms
[2021-05-26T09:32:45.873+0500][gc,cpu      ] GC(8) User=0.04s Sys=0.01s Real=0.01s
[2021-05-26T09:43:27.806+0500][gc,heap,exit] Heap
[2021-05-26T09:43:27.807+0500][gc,heap,exit]  garbage-first heap   total 1048576K, used 212547K [0x00000007c0000000, 0x0000000800000000)
[2021-05-26T09:43:27.807+0500][gc,heap,exit]   region size 1024K, 65 young (66560K), 3 survivors (3072K)
[2021-05-26T09:43:27.807+0500][gc,heap,exit]  Metaspace       used 42283K, capacity 42924K, committed 43184K, reserved 1087488K
[2021-05-26T09:43:27.807+0500][gc,heap,exit]   class space    used 5039K, capacity 5276K, committed 5296K, reserved 1048576K
