[2021-05-26T09:12:02.093+0500][gc] Using G1
[2021-05-26T09:12:02.097+0500][gc,init] Version: 15.0.2+7-27 (release)
[2021-05-26T09:12:02.097+0500][gc,init] CPUs: 12 total, 12 available
[2021-05-26T09:12:02.097+0500][gc,init] Memory: 16384M
[2021-05-26T09:12:02.097+0500][gc,init] Large Page Support: Disabled
[2021-05-26T09:12:02.097+0500][gc,init] NUMA Support: Disabled
[2021-05-26T09:12:02.097+0500][gc,init] Compressed Oops: Enabled (Zero based)
[2021-05-26T09:12:02.097+0500][gc,init] Heap Region Size: 1M
[2021-05-26T09:12:02.097+0500][gc,init] Heap Min Capacity: 512M
[2021-05-26T09:12:02.097+0500][gc,init] Heap Initial Capacity: 512M
[2021-05-26T09:12:02.097+0500][gc,init] Heap Max Capacity: 512M
[2021-05-26T09:12:02.097+0500][gc,init] Pre-touch: Disabled
[2021-05-26T09:12:02.097+0500][gc,init] Parallel Workers: 10
[2021-05-26T09:12:02.097+0500][gc,init] Concurrent Workers: 3
[2021-05-26T09:12:02.097+0500][gc,init] Concurrent Refinement Workers: 10
[2021-05-26T09:12:02.097+0500][gc,init] Periodic GC: Disabled
[2021-05-26T09:12:02.098+0500][gc,cds ] Mark closed archive regions in map: [0x00000007fff00000, 0x00000007fff78ff8]
[2021-05-26T09:12:02.098+0500][gc,cds ] Mark open archive regions in map: [0x00000007ffe00000, 0x00000007ffe50ff8]
[2021-05-26T09:12:02.098+0500][gc,metaspace] CDS archive(s) mapped at: [0x0000000800000000-0x0000000800b2d000-0x0000000800b2d000), size 11718656, SharedBaseAddress: 0x0000000800000000, ArchiveRelocationMode: 0.
[2021-05-26T09:12:02.098+0500][gc,metaspace] Compressed class space mapped at: 0x0000000800b30000-0x0000000840b30000, size: 1073741824
[2021-05-26T09:12:02.098+0500][gc,metaspace] Narrow klass base: 0x0000000800000000, Narrow klass shift: 3, Narrow klass range: 0x100000000
[2021-05-26T09:12:15.170+0500][gc,start    ] GC(0) Pause Young (Normal) (G1 Evacuation Pause)
[2021-05-26T09:12:15.170+0500][gc,task     ] GC(0) Using 10 workers of 10 for evacuation
[2021-05-26T09:12:15.175+0500][gc,phases   ] GC(0)   Pre Evacuate Collection Set: 0.1ms
[2021-05-26T09:12:15.175+0500][gc,phases   ] GC(0)   Merge Heap Roots: 0.0ms
[2021-05-26T09:12:15.175+0500][gc,phases   ] GC(0)   Evacuate Collection Set: 4.3ms
[2021-05-26T09:12:15.175+0500][gc,phases   ] GC(0)   Post Evacuate Collection Set: 0.3ms
[2021-05-26T09:12:15.176+0500][gc,phases   ] GC(0)   Other: 1.0ms
[2021-05-26T09:12:15.176+0500][gc,heap     ] GC(0) Eden regions: 25->0(21)
[2021-05-26T09:12:15.176+0500][gc,heap     ] GC(0) Survivor regions: 0->4(4)
[2021-05-26T09:12:15.176+0500][gc,heap     ] GC(0) Old regions: 0->2
[2021-05-26T09:12:15.176+0500][gc,heap     ] GC(0) Archive regions: 2->2
[2021-05-26T09:12:15.176+0500][gc,heap     ] GC(0) Humongous regions: 0->0
[2021-05-26T09:12:15.176+0500][gc,metaspace] GC(0) Metaspace: 7407K(7808K)->7407K(7808K) NonClass: 6567K(6912K)->6567K(6912K) Class: 839K(896K)->839K(896K)
[2021-05-26T09:12:15.176+0500][gc          ] GC(0) Pause Young (Normal) (G1 Evacuation Pause) 25M->6M(512M) 5.999ms
[2021-05-26T09:12:15.176+0500][gc,cpu      ] GC(0) User=0.02s Sys=0.02s Real=0.00s
[2021-05-26T09:43:21.577+0500][gc,heap,exit] Heap
[2021-05-26T09:43:21.583+0500][gc,heap,exit]  garbage-first heap   total 524288K, used 15616K [0x00000007e0000000, 0x0000000800000000)
[2021-05-26T09:43:21.583+0500][gc,heap,exit]   region size 1024K, 14 young (14336K), 4 survivors (4096K)
[2021-05-26T09:43:21.584+0500][gc,heap,exit]  Metaspace       used 8047K, capacity 8193K, committed 8320K, reserved 1056768K
[2021-05-26T09:43:21.584+0500][gc,heap,exit]   class space    used 856K, capacity 894K, committed 896K, reserved 1048576K
